// Jest Snapshot v1, https://goo.gl/fbAQLP

exports[`AppBar component renders correctly 1`] = `
ShallowWrapper {
  "length": 1,
  Symbol(enzyme.__root__): [Circular],
  Symbol(enzyme.__unrendered__): <WithStyles(Translate(Component))
    classes={Object {}}
    t={[Function]}
  />,
  Symbol(enzyme.__renderer__): Object {
    "batchedUpdates": [Function],
    "getNode": [Function],
    "render": [Function],
    "simulateEvent": [Function],
    "unmount": [Function],
  },
  Symbol(enzyme.__node__): Object {
    "instance": null,
    "key": undefined,
    "nodeType": "class",
    "props": Object {
      "classes": Object {
        "flex": "Translate-Component--flex-1",
        "menuButton": "Translate-Component--menuButton-2",
        "root": "Translate-Component--root-3",
        "surveyButton": "Translate-Component--surveyButton-4",
      },
      "t": [Function],
    },
    "ref": null,
    "rendered": null,
    "type": [Function],
  },
  Symbol(enzyme.__nodes__): Array [
    Object {
      "instance": null,
      "key": undefined,
      "nodeType": "class",
      "props": Object {
        "classes": Object {
          "flex": "Translate-Component--flex-1",
          "menuButton": "Translate-Component--menuButton-2",
          "root": "Translate-Component--root-3",
          "surveyButton": "Translate-Component--surveyButton-4",
        },
        "t": [Function],
      },
      "ref": null,
      "rendered": null,
      "type": [Function],
    },
  ],
  Symbol(enzyme.__options__): Object {
    "adapter": ReactSixteenAdapter {
      "options": Object {
        "enableComponentDidUpdateOnSetState": true,
      },
    },
  },
}
`;
